Started, Finished, DurationSecs, FromStopId, ToStopId, ChargeAmount, CompanyId, BusID, PAN, Status