Started,Finished,DurationSecs,FromStopId,ToStopId,ChargeAmount,CompanyId,BusID,PAN,Status
22-01-2018 13:00:00,22-01-2018 13:05:00,300,Stop1,Stop2,$3.25,Company1,Bus1,5500005555555559,COMPLETED
22-01-2018 13:00:00,22-01-2018 16:05:00,11100,Stop1,Stop2,$3.25,Company3,Bus1,4911830000000,COMPLETED
22-01-2018 13:00:00,22-01-2018 17:05:44,14744,Stop1,Stop3,$7.30,Company2,Bus2,34343434343434,COMPLETED
22-01-2018 13:05:00,22-01-2018 13:20:00,900,Stop2,Stop3,$5.50,Company1,Bus2,122000000000003,COMPLETED
22-01-2018 14:00:00,22-01-2018 15:05:00,3900,Stop2,Stop2,$0.00,Company3,Bus3,5019717010103742,CANCELLED
22-01-2018 18:00:00,,,Stop2,,$5.50,Company1,Bus1,5500005555555559,INCOMPLETE
22-01-2018 22:59:13,22-01-2018 23:30:59,1906,Stop3,Stop1,$7.30,Company3,Bus1,4917610000000000003,COMPLETED
