Started, Finished, DurationSecs, FromStopId, ToStopId, ChargeAmount, CompanyId, BusID, PAN, Status
22-01-2018 13:00:00, N/A, N/A, Stop1, N/A, $7.30, Company1, B37, 5500005555555559, INCOMPLETE
22-01-2018 13:01:00, N/A, N/A, Stop2, N/A, $5.50, Company1, B37, 5500005555555559, INCOMPLETE
22-01-2018 13:02:00, N/A, N/A, Stop3, N/A, $7.30, Company1, B37, 5500005555555559, INCOMPLETE