Started, Finished, DurationSecs, FromStopId, ToStopId, ChargeAmount, CompanyId, BusID, PAN, Status
22-01-2018 13:00:00, 22-01-2018 13:05:00, 300, Stop1, Stop2, $3.25, Company1, B37, 5500005555555559, COMPLETED
22-01-2018 13:08:00, 22-01-2018 13:18:00, 600, Stop2, Stop1, $3.25, Company1, B37, 5500005555555559, COMPLETED