Started, Finished, DurationSecs, FromStopId, ToStopId, ChargeAmount, CompanyId, BusID, PAN, Status
22-01-2018 13:00:00, 22-01-2018 13:05:00, 300, Stop2, Stop3, $5.50, Company1, B37, 5500005555555559, COMPLETED
22-01-2018 13:06:00, 22-01-2018 13:12:00, 360, Stop3, Stop2, $5.50, Company1, B37, 5500005555555559, COMPLETED