Started,Finished,DurationSecs,FromStopId,ToStopId,ChargeAmount,CompanyId,BusID,PAN,Status
22-01-2018 13:00:00,22-01-2018 13:05:00,300,Stop1,Stop3,$7.30,Company1,B37,5500005555555559,COMPLETED
22-01-2018 13:20:00,22-01-2018 13:21:00,60,Stop3,Stop1,$7.30,Company1,B37,5500005555555559,COMPLETED
